Archive member included to satisfy reference by file (symbol)

c:/tp1_rv32e/tools/xpack-risc_v/bin/../lib/gcc/riscv-none-elf/12.2.0/rv32e/ilp32e\libgcc.a(adddf3.o)
                              C:\Users\ivanh\AppData\Local\Temp\ccMxKrlF.o (__adddf3)
c:/tp1_rv32e/tools/xpack-risc_v/bin/../lib/gcc/riscv-none-elf/12.2.0/rv32e/ilp32e\libgcc.a(divdf3.o)
                              C:\Users\ivanh\AppData\Local\Temp\ccMxKrlF.o (__divdf3)
c:/tp1_rv32e/tools/xpack-risc_v/bin/../lib/gcc/riscv-none-elf/12.2.0/rv32e/ilp32e\libgcc.a(floatsidf.o)
                              C:\Users\ivanh\AppData\Local\Temp\ccMxKrlF.o (__floatsidf)
c:/tp1_rv32e/tools/xpack-risc_v/bin/../lib/gcc/riscv-none-elf/12.2.0/rv32e/ilp32e\libgcc.a(muldi3.o)
                              C:\Users\ivanh\AppData\Local\Temp\ccMxKrlF.o (__mulsi3)
c:/tp1_rv32e/tools/xpack-risc_v/bin/../lib/gcc/riscv-none-elf/12.2.0/rv32e/ilp32e\libgcc.a(div.o)
                              C:\Users\ivanh\AppData\Local\Temp\ccMxKrlF.o (__divsi3)
c:/tp1_rv32e/tools/xpack-risc_v/bin/../lib/gcc/riscv-none-elf/12.2.0/rv32e/ilp32e\libgcc.a(_clzsi2.o)
                              c:/tp1_rv32e/tools/xpack-risc_v/bin/../lib/gcc/riscv-none-elf/12.2.0/rv32e/ilp32e\libgcc.a(adddf3.o) (__clzsi2)
c:/tp1_rv32e/tools/xpack-risc_v/bin/../lib/gcc/riscv-none-elf/12.2.0/rv32e/ilp32e\libgcc.a(_clz.o)
                              c:/tp1_rv32e/tools/xpack-risc_v/bin/../lib/gcc/riscv-none-elf/12.2.0/rv32e/ilp32e\libgcc.a(_clzsi2.o) (__clz_tab)

Memory Configuration

Name             Origin             Length             Attributes
RAM              0x0000000000000000 0x0000000000004000 xrw
*default*        0x0000000000000000 0xffffffffffffffff

Linker script and memory map


.text           0x0000000000000000     0x3288
                0x0000000000000000                . = ALIGN (0x4)
 *(.boot)
 .boot          0x0000000000000000        0x4 C:\Users\ivanh\AppData\Local\Temp\ccchNw7t.o
 *(.text)
 .text          0x0000000000000004       0x68 C:\Users\ivanh\AppData\Local\Temp\ccchNw7t.o
                0x0000000000000060                delay_loop
 .text          0x000000000000006c     0x1450 C:\Users\ivanh\AppData\Local\Temp\ccMxKrlF.o
                0x000000000000006c                timer_handler
                0x00000000000000c8                irq2_handler
                0x000000000000012c                irq3_handler
                0x000000000000017c                gpsSensor
                0x0000000000000268                _putch
                0x0000000000000740                _puts
                0x0000000000000774                _getch
                0x000000000000078c                haschar
                0x000000000000079c                _printf
                0x00000000000007d8                _sprintf
                0x0000000000000810                getMEPC
                0x000000000000081c                irq1_handler
                0x000000000000088c                spixfer0
                0x00000000000008ac                spixfer1
                0x00000000000008cc                getw
                0x0000000000000920                _memcpy
                0x0000000000000948                miMemset
                0x0000000000000964                mistrtok
                0x00000000000009ac                miatoi
                0x0000000000000a04                convertToDecimal
                0x0000000000000af0                gpsDecoder
                0x0000000000000d10                BME680_WriteRegister
                0x0000000000000d54                BME680_ReadRegister
                0x0000000000000de0                BME680_Init
                0x000000000000112c                Temp_Value
                0x00000000000011c8                Pressure_Value
                0x0000000000001374                Humidity_Value
 .text          0x00000000000014bc        0x0 c:/tp1_rv32e/tools/xpack-risc_v/bin/../lib/gcc/riscv-none-elf/12.2.0/rv32e/ilp32e\libgcc.a(adddf3.o)
 .text          0x00000000000014bc        0x0 c:/tp1_rv32e/tools/xpack-risc_v/bin/../lib/gcc/riscv-none-elf/12.2.0/rv32e/ilp32e\libgcc.a(divdf3.o)
 .text          0x00000000000014bc        0x0 c:/tp1_rv32e/tools/xpack-risc_v/bin/../lib/gcc/riscv-none-elf/12.2.0/rv32e/ilp32e\libgcc.a(floatsidf.o)
 .text          0x00000000000014bc       0x24 c:/tp1_rv32e/tools/xpack-risc_v/bin/../lib/gcc/riscv-none-elf/12.2.0/rv32e/ilp32e\libgcc.a(muldi3.o)
                0x00000000000014bc                __mulsi3
 .text          0x00000000000014e0       0xb4 c:/tp1_rv32e/tools/xpack-risc_v/bin/../lib/gcc/riscv-none-elf/12.2.0/rv32e/ilp32e\libgcc.a(div.o)
                0x00000000000014e0                __divsi3
                0x00000000000014e8                __udivsi3
                0x00000000000014e8                __hidden___udivsi3
                0x0000000000001530                __umodsi3
                0x0000000000001564                __modsi3
 .text          0x0000000000001594        0x0 c:/tp1_rv32e/tools/xpack-risc_v/bin/../lib/gcc/riscv-none-elf/12.2.0/rv32e/ilp32e\libgcc.a(_clzsi2.o)
 .text          0x0000000000001594        0x0 c:/tp1_rv32e/tools/xpack-risc_v/bin/../lib/gcc/riscv-none-elf/12.2.0/rv32e/ilp32e\libgcc.a(_clz.o)
 *(.text*)
 .text.startup  0x0000000000001594      0x358 C:\Users\ivanh\AppData\Local\Temp\ccMxKrlF.o
                0x0000000000001594                main
 .text.__adddf3
                0x00000000000018ec      0x8a8 c:/tp1_rv32e/tools/xpack-risc_v/bin/../lib/gcc/riscv-none-elf/12.2.0/rv32e/ilp32e\libgcc.a(adddf3.o)
                0x00000000000018ec                __adddf3
 .text.__divdf3
                0x0000000000002194      0x9a4 c:/tp1_rv32e/tools/xpack-risc_v/bin/../lib/gcc/riscv-none-elf/12.2.0/rv32e/ilp32e\libgcc.a(divdf3.o)
                0x0000000000002194                __divdf3
 .text.__floatsidf
                0x0000000000002b38       0xb8 c:/tp1_rv32e/tools/xpack-risc_v/bin/../lib/gcc/riscv-none-elf/12.2.0/rv32e/ilp32e\libgcc.a(floatsidf.o)
                0x0000000000002b38                __floatsidf
 .text.__clzsi2
                0x0000000000002bf0       0x88 c:/tp1_rv32e/tools/xpack-risc_v/bin/../lib/gcc/riscv-none-elf/12.2.0/rv32e/ilp32e\libgcc.a(_clzsi2.o)
                0x0000000000002bf0                __clzsi2
 *(.rodata)
 .rodata        0x0000000000002c78       0x1c C:\Users\ivanh\AppData\Local\Temp\ccMxKrlF.o
 *(.rodata*)
 .rodata.str1.4
                0x0000000000002c94      0x4ac C:\Users\ivanh\AppData\Local\Temp\ccMxKrlF.o
                                        0x4b3 (size before relaxing)
 .rodata.__divdf3
                0x0000000000003140       0x40 c:/tp1_rv32e/tools/xpack-risc_v/bin/../lib/gcc/riscv-none-elf/12.2.0/rv32e/ilp32e\libgcc.a(divdf3.o)
 .rodata.__clz_tab
                0x0000000000003180      0x100 c:/tp1_rv32e/tools/xpack-risc_v/bin/../lib/gcc/riscv-none-elf/12.2.0/rv32e/ilp32e\libgcc.a(_clz.o)
                0x0000000000003180                __clz_tab
 *(.srodata)
 *(.srodata*)
 *fill*         0x0000000000003280        0x0 
 .srodata.cst8  0x0000000000003280        0x8 C:\Users\ivanh\AppData\Local\Temp\ccMxKrlF.o
                0x0000000000003288                _etext = .
                0x0000000000003288                _sidata = _etext

.rela.dyn       0x0000000000003288        0x0
 .rela.text     0x0000000000003288        0x0 C:\Users\ivanh\AppData\Local\Temp\ccchNw7t.o

.data           0x0000000000003288        0x4
                0x0000000000003288                . = ALIGN (0x4)
                0x0000000000003288                _sdata_values = LOADADDR (.data)
                0x0000000000003288                _sdata = .
                0x0000000000003288                _ram_start = .
                0x0000000000003288                . = ALIGN (0x4)
 *(.data)
 .data          0x0000000000003288        0x0 C:\Users\ivanh\AppData\Local\Temp\ccchNw7t.o
 .data          0x0000000000003288        0x0 C:\Users\ivanh\AppData\Local\Temp\ccMxKrlF.o
 .data          0x0000000000003288        0x0 c:/tp1_rv32e/tools/xpack-risc_v/bin/../lib/gcc/riscv-none-elf/12.2.0/rv32e/ilp32e\libgcc.a(adddf3.o)
 .data          0x0000000000003288        0x0 c:/tp1_rv32e/tools/xpack-risc_v/bin/../lib/gcc/riscv-none-elf/12.2.0/rv32e/ilp32e\libgcc.a(divdf3.o)
 .data          0x0000000000003288        0x0 c:/tp1_rv32e/tools/xpack-risc_v/bin/../lib/gcc/riscv-none-elf/12.2.0/rv32e/ilp32e\libgcc.a(floatsidf.o)
 .data          0x0000000000003288        0x0 c:/tp1_rv32e/tools/xpack-risc_v/bin/../lib/gcc/riscv-none-elf/12.2.0/rv32e/ilp32e\libgcc.a(muldi3.o)
 .data          0x0000000000003288        0x0 c:/tp1_rv32e/tools/xpack-risc_v/bin/../lib/gcc/riscv-none-elf/12.2.0/rv32e/ilp32e\libgcc.a(div.o)
 .data          0x0000000000003288        0x0 c:/tp1_rv32e/tools/xpack-risc_v/bin/../lib/gcc/riscv-none-elf/12.2.0/rv32e/ilp32e\libgcc.a(_clzsi2.o)
 .data          0x0000000000003288        0x0 c:/tp1_rv32e/tools/xpack-risc_v/bin/../lib/gcc/riscv-none-elf/12.2.0/rv32e/ilp32e\libgcc.a(_clz.o)
 *(.data*)
 *(.sdata)
 .sdata         0x0000000000003288        0x1 C:\Users\ivanh\AppData\Local\Temp\ccMxKrlF.o
 *(.sdata*)
                0x000000000000328c                . = ALIGN (0x4)
 *fill*         0x0000000000003289        0x3 
                0x000000000000328c                _edata = .

.bss            0x0000000000003290      0x180
                0x0000000000003290                . = ALIGN (0x4)
                0x0000000000003290                _sbss = .
 *(.bss)
 .bss           0x0000000000003290        0x0 C:\Users\ivanh\AppData\Local\Temp\ccchNw7t.o
 .bss           0x0000000000003290       0xe8 C:\Users\ivanh\AppData\Local\Temp\ccMxKrlF.o
                0x0000000000003290                udat
                0x00000000000032b0                tramasGPS
 .bss           0x0000000000003378        0x0 c:/tp1_rv32e/tools/xpack-risc_v/bin/../lib/gcc/riscv-none-elf/12.2.0/rv32e/ilp32e\libgcc.a(adddf3.o)
 .bss           0x0000000000003378        0x0 c:/tp1_rv32e/tools/xpack-risc_v/bin/../lib/gcc/riscv-none-elf/12.2.0/rv32e/ilp32e\libgcc.a(divdf3.o)
 .bss           0x0000000000003378        0x0 c:/tp1_rv32e/tools/xpack-risc_v/bin/../lib/gcc/riscv-none-elf/12.2.0/rv32e/ilp32e\libgcc.a(floatsidf.o)
 .bss           0x0000000000003378        0x0 c:/tp1_rv32e/tools/xpack-risc_v/bin/../lib/gcc/riscv-none-elf/12.2.0/rv32e/ilp32e\libgcc.a(muldi3.o)
 .bss           0x0000000000003378        0x0 c:/tp1_rv32e/tools/xpack-risc_v/bin/../lib/gcc/riscv-none-elf/12.2.0/rv32e/ilp32e\libgcc.a(div.o)
 .bss           0x0000000000003378        0x0 c:/tp1_rv32e/tools/xpack-risc_v/bin/../lib/gcc/riscv-none-elf/12.2.0/rv32e/ilp32e\libgcc.a(_clzsi2.o)
 .bss           0x0000000000003378        0x0 c:/tp1_rv32e/tools/xpack-risc_v/bin/../lib/gcc/riscv-none-elf/12.2.0/rv32e/ilp32e\libgcc.a(_clz.o)
 *(.bss*)
 *(.sbss)
 .sbss          0x0000000000003378       0x98 C:\Users\ivanh\AppData\Local\Temp\ccMxKrlF.o
                0x0000000000003380                lonDecimal
                0x0000000000003388                latDecimal
                0x0000000000003390                gps_msg_ready
                0x0000000000003394                mensajeEmpezado
                0x0000000000003398                j
                0x000000000000339c                wrix
                0x000000000000339d                rdix
                0x00000000000033a0                par_h7
                0x00000000000033a4                par_h6
                0x00000000000033a8                par_h5
                0x00000000000033ac                par_h4
                0x00000000000033b0                par_h3
                0x00000000000033b4                par_h2
                0x00000000000033b8                par_h1
                0x00000000000033bc                par_p10
                0x00000000000033c0                par_p9
                0x00000000000033c4                par_p8
                0x00000000000033c8                par_p7
                0x00000000000033cc                par_p6
                0x00000000000033d0                par_p5
                0x00000000000033d4                par_p4
                0x00000000000033d8                par_p3
                0x00000000000033dc                par_p2
                0x00000000000033e0                par_p1
                0x00000000000033e4                par_t3
                0x00000000000033e8                par_t2
                0x00000000000033ec                par_t1
                0x00000000000033f0                hum_comp
                0x00000000000033f4                hum_adc
                0x00000000000033f8                press_adc
                0x00000000000033fc                press_comp
                0x0000000000003400                temp_scaled
                0x0000000000003404                temp_comp
                0x0000000000003408                temp_adc
                0x000000000000340c                t_fine
 *(.sbss*)
 *(COMMON)
                0x0000000000003410                . = ALIGN (0x4)
                0x0000000000003410                _ebss = .

.heap           0x0000000000003410        0x0
                0x0000000000003410                . = ALIGN (0x4)
                0x0000000000003410                _heap_start = .
LOAD C:\Users\ivanh\AppData\Local\Temp\ccchNw7t.o
LOAD C:\Users\ivanh\AppData\Local\Temp\ccMxKrlF.o
LOAD c:/tp1_rv32e/tools/xpack-risc_v/bin/../lib/gcc/riscv-none-elf/12.2.0/rv32e/ilp32e\libgcc.a
OUTPUT(code.elf elf32-littleriscv)

.riscv.attributes
                0x0000000000000000       0x20
 .riscv.attributes
                0x0000000000000000       0x1a C:\Users\ivanh\AppData\Local\Temp\ccchNw7t.o
 .riscv.attributes
                0x000000000000001a       0x20 C:\Users\ivanh\AppData\Local\Temp\ccMxKrlF.o
 .riscv.attributes
                0x000000000000003a       0x1c c:/tp1_rv32e/tools/xpack-risc_v/bin/../lib/gcc/riscv-none-elf/12.2.0/rv32e/ilp32e\libgcc.a(adddf3.o)
 .riscv.attributes
                0x0000000000000056       0x1c c:/tp1_rv32e/tools/xpack-risc_v/bin/../lib/gcc/riscv-none-elf/12.2.0/rv32e/ilp32e\libgcc.a(divdf3.o)
 .riscv.attributes
                0x0000000000000072       0x1c c:/tp1_rv32e/tools/xpack-risc_v/bin/../lib/gcc/riscv-none-elf/12.2.0/rv32e/ilp32e\libgcc.a(floatsidf.o)
 .riscv.attributes
                0x000000000000008e       0x1a c:/tp1_rv32e/tools/xpack-risc_v/bin/../lib/gcc/riscv-none-elf/12.2.0/rv32e/ilp32e\libgcc.a(muldi3.o)
 .riscv.attributes
                0x00000000000000a8       0x1a c:/tp1_rv32e/tools/xpack-risc_v/bin/../lib/gcc/riscv-none-elf/12.2.0/rv32e/ilp32e\libgcc.a(div.o)
 .riscv.attributes
                0x00000000000000c2       0x1c c:/tp1_rv32e/tools/xpack-risc_v/bin/../lib/gcc/riscv-none-elf/12.2.0/rv32e/ilp32e\libgcc.a(_clzsi2.o)
 .riscv.attributes
                0x00000000000000de       0x1c c:/tp1_rv32e/tools/xpack-risc_v/bin/../lib/gcc/riscv-none-elf/12.2.0/rv32e/ilp32e\libgcc.a(_clz.o)

.comment        0x0000000000000000       0x33
 .comment       0x0000000000000000       0x33 C:\Users\ivanh\AppData\Local\Temp\ccMxKrlF.o
                                         0x34 (size before relaxing)
 .comment       0x0000000000000033       0x34 c:/tp1_rv32e/tools/xpack-risc_v/bin/../lib/gcc/riscv-none-elf/12.2.0/rv32e/ilp32e\libgcc.a(adddf3.o)
 .comment       0x0000000000000033       0x34 c:/tp1_rv32e/tools/xpack-risc_v/bin/../lib/gcc/riscv-none-elf/12.2.0/rv32e/ilp32e\libgcc.a(divdf3.o)
 .comment       0x0000000000000033       0x34 c:/tp1_rv32e/tools/xpack-risc_v/bin/../lib/gcc/riscv-none-elf/12.2.0/rv32e/ilp32e\libgcc.a(floatsidf.o)
 .comment       0x0000000000000033       0x34 c:/tp1_rv32e/tools/xpack-risc_v/bin/../lib/gcc/riscv-none-elf/12.2.0/rv32e/ilp32e\libgcc.a(_clzsi2.o)
 .comment       0x0000000000000033       0x34 c:/tp1_rv32e/tools/xpack-risc_v/bin/../lib/gcc/riscv-none-elf/12.2.0/rv32e/ilp32e\libgcc.a(_clz.o)
